// Jest Snapshot v1, https://goo.gl/fbAQLP

exports[`Should CardList render properly 1`] = `
<div
  className="cities__places-list places__list tabs__content"
/>
`;
